> Task :app:checkKotlinGradlePluginConfigurationErrors SKIPPED
> Task :app:preBuild UP-TO-DATE
> Task :app:preDebugBuild UP-TO-DATE
> Task :app:checkDebugAarMetadata UP-TO-DATE
> Task :app:generateDebugResValues UP-TO-DATE
> Task :app:mapDebugSourceSetPaths UP-TO-DATE
> Task :app:generateDebugResources UP-TO-DATE
> Task :app:mergeDebugResources UP-TO-DATE
> Task :app:packageDebugResources UP-TO-DATE
> Task :app:parseDebugLocalResources UP-TO-DATE
> Task :app:createDebugCompatibleScreenManifests UP-TO-DATE
> Task :app:extractDeepLinksDebug UP-TO-DATE
> Task :app:processDebugMainManifest FROM-CACHE
> Task :app:processDebugManifest FROM-CACHE
> Task :app:processDebugManifestForPackage FROM-CACHE
> Task :app:processDebugResources FROM-CACHE
> Task :app:compileDebugKotlin UP-TO-DATE
> Task :app:javaPreCompileDebug UP-TO-DATE
> Task :app:compileDebugJavaWithJavac NO-SOURCE
> Task :app:preDebugUnitTestBuild UP-TO-DATE
> Task :app:javaPreCompileDebugUnitTest FROM-CACHE
> Task :app:processDebugJavaRes UP-TO-DATE
> Task :app:bundleDebugClassesToCompileJar
> Task :app:bundleDebugClassesToRuntimeJar
> Task :app:buildKotlinToolingMetadata
> Task :app:preReleaseBuild UP-TO-DATE
> Task :app:generateReleaseResValues FROM-CACHE
> Task :app:checkReleaseAarMetadata
> Task :app:mapReleaseSourceSetPaths
> Task :app:generateReleaseResources
> Task :app:packageReleaseResources
> Task :app:parseReleaseLocalResources FROM-CACHE
> Task :app:createReleaseCompatibleScreenManifests
> Task :app:extractDeepLinksRelease FROM-CACHE
> Task :app:processReleaseMainManifest
> Task :app:processReleaseManifest
> Task :app:javaPreCompileRelease FROM-CACHE
> Task :app:preReleaseUnitTestBuild UP-TO-DATE
> Task :app:javaPreCompileReleaseUnitTest FROM-CACHE
> Task :app:processReleaseManifestForPackage
> Task :app:mergeReleaseResources
> Task :app:processReleaseResources

> Task :app:compileDebugUnitTestKotlin
w: file:///Users/rishabh/Projects/OrbitFS-Android/app/src/test/java/org/orbitfs/android/client/ConnectionStateTest.kt:13:20 Check for instance is always 'true'.

> Task :app:compileDebugUnitTestJavaWithJavac NO-SOURCE
> Task :app:processDebugUnitTestJavaRes

> Task :app:testDebugUnitTest FAILED

BrowserStateTest > BrowserState default path is root() FAILED
    org.opentest4j.AssertionFailedError at BrowserStateTest.kt:14

BrowserStateTest > ConnectionConfig has correct defaults() FAILED
    org.opentest4j.AssertionFailedError at BrowserStateTest.kt:65

22 tests completed, 2 failed

> Task :app:compileReleaseKotlin

[Incubating] Problems report is available at: file:///Users/rishabh/Projects/OrbitFS-Android/build/reports/problems/problems-report.html

FAILURE: Build failed with an exception.

* What went wrong:
Execution failed for task ':app:testDebugUnitTest'.
> There were failing tests. See the report at: file:///Users/rishabh/Projects/OrbitFS-Android/app/build/reports/tests/testDebugUnitTest/index.html

* Try:
> Run with --scan to get full insights.

Deprecated Gradle features were used in this build, making it incompatible with Gradle 9.0.

You can use '--warning-mode all' to show the individual deprecation warnings and determine if they come from your own scripts or plugins.

For more on this, please refer to https://docs.gradle.org/8.12.1/userguide/command_line_interface.html#sec:command_line_warnings in the Gradle documentation.

BUILD FAILED in 11s
39 actionable tasks: 17 executed, 10 from cache, 12 up-to-date
